{
  "errors": [
    {
      "message": "Unexpected Execution Error",
      "locations": [
        {
          "line": 2,
          "column": 5
        }
      ],
      "path": [
        "genres"
      ],
      "extensions": {
        "message": "No service for type 'BDTheque.Data.Context.BDThequeContext' has been registered.",
        "stackTrace": "   at Microsoft.Extensions.DependencyInjection.ServiceProviderServiceExtensions.GetRequiredService(IServiceProvider provider, Type serviceType)\r\n   at Microsoft.Extensions.DependencyInjection.ServiceProviderServiceExtensions.GetRequiredService[T](IServiceProvider provider)\r\n   at HotChocolate.Resolvers.Expressions.Parameters.ServiceHelper.<>c__DisplayClass7_3`1.<<UseResolverServiceInternal>b__5>d.MoveNext()\r\n--- End of stack trace from previous location ---\r\n   at HotChocolate.Resolvers.Expressions.Parameters.ServiceHelper.<>c__DisplayClass7_1`1.<<UseResolverServiceInternal>b__3>d.MoveNext()\r\n--- End of stack trace from previous location ---\r\n   at HotChocolate.Execution.Processing.Tasks.ResolverTask.ExecuteResolverPipelineAsync(CancellationToken cancellationToken)\r\n   at HotChocolate.Execution.Processing.Tasks.ResolverTask.TryExecuteAsync(CancellationToken cancellationToken)"
      }
    }
  ],
  "data": {
    "genres": null
  }
}
