{
  "data": {
    "genreList": {
      "pageInfo": {
        "hasNextPage": false,
        "hasPreviousPage": false
      },
      "edges": [
        {
          "cursor": "MA==",
          "node": {
            "id": "c91824664a974a16a9f5204a527766c6",
            "nom": "Action"
          }
        },
        {
          "cursor": "MQ==",
          "node": {
            "id": "411b7fb5347445eb8bd54e1f67291438",
            "nom": "Animation"
          }
        },
        {
          "cursor": "Mg==",
          "node": {
            "id": "fdac06e314ba48019064b6d87527f7c6",
            "nom": "Anticipation"
          }
        },
        {
          "cursor": "Mw==",
          "node": {
            "id": "9d8f75cbfeac48af86aef31c737d1b3f",
            "nom": "Aventures"
          }
        }
      ]
    }
  }
}
